Traceback (most recent call last):
  File "/home/kavia/workspace/code-generation/bookmatchai-114780-8d7cab39/bookswap_backend_workspace/bookswap_backend/venv/lib/python3.12/site-packages/sqlalchemy/engine/base.py", line 145, in __init__
    self._dbapi_connection = engine.raw_connection()
                             ^^^^^^^^^^^^^^^^^^^^^^^
  File "/home/kavia/workspace/code-generation/bookmatchai-114780-8d7cab39/bookswap_backend_workspace/bookswap_backend/venv/lib/python3.12/site-packages/sqlalchemy/engine/base.py", line 3282, in raw_connection
    return self.pool.connect()
           ^^^^^^^^^^^^^^^^^^^
  File "/home/kavia/workspace/code-generation/bookmatchai-114780-8d7cab39/bookswap_backend_workspace/bookswap_backend/venv/lib/python3.12/site-packages/sqlalchemy/pool/base.py", line 449, in connect
    return _ConnectionFairy._checkout(self)
           ^^^^^^^^^^^^^^^^^^^^^^^^^^^^^^^^
  File "/home/kavia/workspace/code-generation/bookmatchai-114780-8d7cab39/bookswap_backend_workspace/bookswap_backend/venv/lib/python3.12/site-packages/sqlalchemy/pool/base.py", line 1263, in _checkout
    fairy = _ConnectionRecord.checkout(pool)
            ^^^^^^^^^^^^^^^^^^^^^^^^^^^^^^^^
  File "/home/kavia/workspace/code-generation/bookmatchai-114780-8d7cab39/bookswap_backend_workspace/bookswap_backend/venv/lib/python3.12/site-packages/sqlalchemy/pool/base.py", line 712, in checkout
    rec = pool._do_get()
          ^^^^^^^^^^^^^^
  File "/home/kavia/workspace/code-generation/bookmatchai-114780-8d7cab39/bookswap_backend_workspace/bookswap_backend/venv/lib/python3.12/site-packages/sqlalchemy/pool/impl.py", line 168, in _do_get
    with util.safe_reraise():
  File "/home/kavia/workspace/code-generation/bookmatchai-114780-8d7cab39/bookswap_backend_workspace/bookswap_backend/venv/lib/python3.12/site-packages/sqlalchemy/util/langhelpers.py", line 146, in __exit__
    raise exc_value.with_traceback(exc_tb)
  File "/home/kavia/workspace/code-generation/bookmatchai-114780-8d7cab39/bookswap_backend_workspace/bookswap_backend/venv/lib/python3.12/site-packages/sqlalchemy/pool/impl.py", line 166, in _do_get
    return self._create_connection()
           ^^^^^^^^^^^^^^^^^^^^^^^^^
  File "/home/kavia/workspace/code-generation/bookmatchai-114780-8d7cab39/bookswap_backend_workspace/bookswap_backend/venv/lib/python3.12/site-packages/sqlalchemy/pool/base.py", line 390, in _create_connection
    return _ConnectionRecord(self)
           ^^^^^^^^^^^^^^^^^^^^^^^
  File "/home/kavia/workspace/code-generation/bookmatchai-114780-8d7cab39/bookswap_backend_workspace/bookswap_backend/venv/lib/python3.12/site-packages/sqlalchemy/pool/base.py", line 674, in __init__
    self.__connect()
  File "/home/kavia/workspace/code-generation/bookmatchai-114780-8d7cab39/bookswap_backend_workspace/bookswap_backend/venv/lib/python3.12/site-packages/sqlalchemy/pool/base.py", line 900, in __connect
    with util.safe_reraise():
  File "/home/kavia/workspace/code-generation/bookmatchai-114780-8d7cab39/bookswap_backend_workspace/bookswap_backend/venv/lib/python3.12/site-packages/sqlalchemy/util/langhelpers.py", line 146, in __exit__
    raise exc_value.with_traceback(exc_tb)
  File "/home/kavia/workspace/code-generation/bookmatchai-114780-8d7cab39/bookswap_backend_workspace/bookswap_backend/venv/lib/python3.12/site-packages/sqlalchemy/pool/base.py", line 896, in __connect
    self.dbapi_connection = connection = pool._invoke_creator(self)
                                         ^^^^^^^^^^^^^^^^^^^^^^^^^^
  File "/home/kavia/workspace/code-generation/bookmatchai-114780-8d7cab39/bookswap_backend_workspace/bookswap_backend/venv/lib/python3.12/site-packages/sqlalchemy/engine/create.py", line 643, in connect
    return dialect.connect(*cargs, **cparams)
           ^^^^^^^^^^^^^^^^^^^^^^^^^^^^^^^^^^
  File "/home/kavia/workspace/code-generation/bookmatchai-114780-8d7cab39/bookswap_backend_workspace/bookswap_backend/venv/lib/python3.12/site-packages/sqlalchemy/engine/default.py", line 616, in connect
    return self.loaded_dbapi.connect(*cargs, **cparams)
           ^^^^^^^^^^^^^^^^^^^^^^^^^^^^^^^^^^^^^^^^^^^^
  File "/home/kavia/workspace/code-generation/bookmatchai-114780-8d7cab39/bookswap_backend_workspace/bookswap_backend/venv/lib/python3.12/site-packages/psycopg2/__init__.py", line 122, in connect
    conn = _connect(dsn, connection_factory=connection_factory, **kwasync)
           ^^^^^^^^^^^^^^^^^^^^^^^^^^^^^^^^^^^^^^^^^^^^^^^^^^^^^^^^^^^^^^^
psycopg2.OperationalError: connection to server at "db.uujtmzkpxvpkhpprtjjv.supabase.co" (2600:1f18:2e13:9d0f:dae1:54aa:7458:aec), port 5432 failed: Network is unreachable
	Is the server running on that host and accepting TCP/IP connections?


The above exception was the direct cause of the following exception:

Traceback (most recent call last):
  File "/home/kavia/workspace/code-generation/bookmatchai-114780-8d7cab39/bookswap_backend_workspace/bookswap_backend/venv/bin/uvicorn", line 10, in <module>
    sys.exit(main())
             ^^^^^^
  File "/home/kavia/workspace/code-generation/bookmatchai-114780-8d7cab39/bookswap_backend_workspace/bookswap_backend/venv/lib/python3.12/site-packages/click/core.py", line 1161, in __call__
    return self.main(*args, **kwargs)
           ^^^^^^^^^^^^^^^^^^^^^^^^^^
  File "/home/kavia/workspace/code-generation/bookmatchai-114780-8d7cab39/bookswap_backend_workspace/bookswap_backend/venv/lib/python3.12/site-packages/click/core.py", line 1082, in main
    rv = self.invoke(ctx)
         ^^^^^^^^^^^^^^^^
  File "/home/kavia/workspace/code-generation/bookmatchai-114780-8d7cab39/bookswap_backend_workspace/bookswap_backend/venv/lib/python3.12/site-packages/click/core.py", line 1443, in invoke
    return ctx.invoke(self.callback, **ctx.params)
           ^^^^^^^^^^^^^^^^^^^^^^^^^^^^^^^^^^^^^^^
  File "/home/kavia/workspace/code-generation/bookmatchai-114780-8d7cab39/bookswap_backend_workspace/bookswap_backend/venv/lib/python3.12/site-packages/click/core.py", line 788, in invoke
    return __callback(*args, **kwargs)
           ^^^^^^^^^^^^^^^^^^^^^^^^^^^
  File "/home/kavia/workspace/code-generation/bookmatchai-114780-8d7cab39/bookswap_backend_workspace/bookswap_backend/venv/lib/python3.12/site-packages/uvicorn/main.py", line 412, in main
    run(
  File "/home/kavia/workspace/code-generation/bookmatchai-114780-8d7cab39/bookswap_backend_workspace/bookswap_backend/venv/lib/python3.12/site-packages/uvicorn/main.py", line 579, in run
    server.run()
  File "/home/kavia/workspace/code-generation/bookmatchai-114780-8d7cab39/bookswap_backend_workspace/bookswap_backend/venv/lib/python3.12/site-packages/uvicorn/server.py", line 66, in run
    return asyncio.run(self.serve(sockets=sockets))
           ^^^^^^^^^^^^^^^^^^^^^^^^^^^^^^^^^^^^^^^^
  File "/usr/lib/python3.12/asyncio/runners.py", line 194, in run
    return runner.run(main)
           ^^^^^^^^^^^^^^^^
  File "/usr/lib/python3.12/asyncio/runners.py", line 118, in run
    return self._loop.run_until_complete(task)
           ^^^^^^^^^^^^^^^^^^^^^^^^^^^^^^^^^^^
  File "uvloop/loop.pyx", line 1518, in uvloop.loop.Loop.run_until_complete
  File "/home/kavia/workspace/code-generation/bookmatchai-114780-8d7cab39/bookswap_backend_workspace/bookswap_backend/venv/lib/python3.12/site-packages/uvicorn/server.py", line 70, in serve
    await self._serve(sockets)
  File "/home/kavia/workspace/code-generation/bookmatchai-114780-8d7cab39/bookswap_backend_workspace/bookswap_backend/venv/lib/python3.12/site-packages/uvicorn/server.py", line 77, in _serve
    config.load()
  File "/home/kavia/workspace/code-generation/bookmatchai-114780-8d7cab39/bookswap_backend_workspace/bookswap_backend/venv/lib/python3.12/site-packages/uvicorn/config.py", line 435, in load
    self.loaded_app = import_from_string(self.app)
                      ^^^^^^^^^^^^^^^^^^^^^^^^^^^^
  File "/home/kavia/workspace/code-generation/bookmatchai-114780-8d7cab39/bookswap_backend_workspace/bookswap_backend/venv/lib/python3.12/site-packages/uvicorn/importer.py", line 19, in import_from_string
    module = importlib.import_module(module_str)
             ^^^^^^^^^^^^^^^^^^^^^^^^^^^^^^^^^^^
  File "/usr/lib/python3.12/importlib/__init__.py", line 90, in import_module
    return _bootstrap._gcd_import(name[level:], package, level)
           ^^^^^^^^^^^^^^^^^^^^^^^^^^^^^^^^^^^^^^^^^^^^^^^^^^^^
  File "<frozen importlib._bootstrap>", line 1387, in _gcd_import
  File "<frozen importlib._bootstrap>", line 1360, in _find_and_load
  File "<frozen importlib._bootstrap>", line 1331, in _find_and_load_unlocked
  File "<frozen importlib._bootstrap>", line 935, in _load_unlocked
  File "<frozen importlib._bootstrap_external>", line 995, in exec_module
  File "<frozen importlib._bootstrap>", line 488, in _call_with_frames_removed
  File "/home/kavia/workspace/code-generation/bookmatchai-114780-8d7cab39/bookswap_backend_workspace/bookswap_backend/src/api/main.py", line 13, in <module>
    models.Base.metadata.create_all(bind=engine)
  File "/home/kavia/workspace/code-generation/bookmatchai-114780-8d7cab39/bookswap_backend_workspace/bookswap_backend/venv/lib/python3.12/site-packages/sqlalchemy/sql/schema.py", line 5825, in create_all
    bind._run_ddl_visitor(
  File "/home/kavia/workspace/code-generation/bookmatchai-114780-8d7cab39/bookswap_backend_workspace/bookswap_backend/venv/lib/python3.12/site-packages/sqlalchemy/engine/base.py", line 3232, in _run_ddl_visitor
    with self.begin() as conn:
  File "/usr/lib/python3.12/contextlib.py", line 137, in __enter__
    return next(self.gen)
           ^^^^^^^^^^^^^^
  File "/home/kavia/workspace/code-generation/bookmatchai-114780-8d7cab39/bookswap_backend_workspace/bookswap_backend/venv/lib/python3.12/site-packages/sqlalchemy/engine/base.py", line 3222, in begin
    with self.connect() as conn:
         ^^^^^^^^^^^^^^
  File "/home/kavia/workspace/code-generation/bookmatchai-114780-8d7cab39/bookswap_backend_workspace/bookswap_backend/venv/lib/python3.12/site-packages/sqlalchemy/engine/base.py", line 3258, in connect
    return self._connection_cls(self)
           ^^^^^^^^^^^^^^^^^^^^^^^^^^
  File "/home/kavia/workspace/code-generation/bookmatchai-114780-8d7cab39/bookswap_backend_workspace/bookswap_backend/venv/lib/python3.12/site-packages/sqlalchemy/engine/base.py", line 147, in __init__
    Connection._handle_dbapi_exception_noconnection(
  File "/home/kavia/workspace/code-generation/bookmatchai-114780-8d7cab39/bookswap_backend_workspace/bookswap_backend/venv/lib/python3.12/site-packages/sqlalchemy/engine/base.py", line 2422, in _handle_dbapi_exception_noconnection
    raise sqlalchemy_exception.with_traceback(exc_info[2]) from e
  File "/home/kavia/workspace/code-generation/bookmatchai-114780-8d7cab39/bookswap_backend_workspace/bookswap_backend/venv/lib/python3.12/site-packages/sqlalchemy/engine/base.py", line 145, in __init__
    self._dbapi_connection = engine.raw_connection()
                             ^^^^^^^^^^^^^^^^^^^^^^^
  File "/home/kavia/workspace/code-generation/bookmatchai-114780-8d7cab39/bookswap_backend_workspace/bookswap_backend/venv/lib/python3.12/site-packages/sqlalchemy/engine/base.py", line 3282, in raw_connection
    return self.pool.connect()
           ^^^^^^^^^^^^^^^^^^^
  File "/home/kavia/workspace/code-generation/bookmatchai-114780-8d7cab39/bookswap_backend_workspace/bookswap_backend/venv/lib/python3.12/site-packages/sqlalchemy/pool/base.py", line 449, in connect
    return _ConnectionFairy._checkout(self)
           ^^^^^^^^^^^^^^^^^^^^^^^^^^^^^^^^
  File "/home/kavia/workspace/code-generation/bookmatchai-114780-8d7cab39/bookswap_backend_workspace/bookswap_backend/venv/lib/python3.12/site-packages/sqlalchemy/pool/base.py", line 1263, in _checkout
    fairy = _ConnectionRecord.checkout(pool)
            ^^^^^^^^^^^^^^^^^^^^^^^^^^^^^^^^
  File "/home/kavia/workspace/code-generation/bookmatchai-114780-8d7cab39/bookswap_backend_workspace/bookswap_backend/venv/lib/python3.12/site-packages/sqlalchemy/pool/base.py", line 712, in checkout
    rec = pool._do_get()
          ^^^^^^^^^^^^^^
  File "/home/kavia/workspace/code-generation/bookmatchai-114780-8d7cab39/bookswap_backend_workspace/bookswap_backend/venv/lib/python3.12/site-packages/sqlalchemy/pool/impl.py", line 168, in _do_get
    with util.safe_reraise():
  File "/home/kavia/workspace/code-generation/bookmatchai-114780-8d7cab39/bookswap_backend_workspace/bookswap_backend/venv/lib/python3.12/site-packages/sqlalchemy/util/langhelpers.py", line 146, in __exit__
    raise exc_value.with_traceback(exc_tb)
  File "/home/kavia/workspace/code-generation/bookmatchai-114780-8d7cab39/bookswap_backend_workspace/bookswap_backend/venv/lib/python3.12/site-packages/sqlalchemy/pool/impl.py", line 166, in _do_get
    return self._create_connection()
           ^^^^^^^^^^^^^^^^^^^^^^^^^
  File "/home/kavia/workspace/code-generation/bookmatchai-114780-8d7cab39/bookswap_backend_workspace/bookswap_backend/venv/lib/python3.12/site-packages/sqlalchemy/pool/base.py", line 390, in _create_connection
    return _ConnectionRecord(self)
           ^^^^^^^^^^^^^^^^^^^^^^^
  File "/home/kavia/workspace/code-generation/bookmatchai-114780-8d7cab39/bookswap_backend_workspace/bookswap_backend/venv/lib/python3.12/site-packages/sqlalchemy/pool/base.py", line 674, in __init__
    self.__connect()
  File "/home/kavia/workspace/code-generation/bookmatchai-114780-8d7cab39/bookswap_backend_workspace/bookswap_backend/venv/lib/python3.12/site-packages/sqlalchemy/pool/base.py", line 900, in __connect
    with util.safe_reraise():
  File "/home/kavia/workspace/code-generation/bookmatchai-114780-8d7cab39/bookswap_backend_workspace/bookswap_backend/venv/lib/python3.12/site-packages/sqlalchemy/util/langhelpers.py", line 146, in __exit__
    raise exc_value.with_traceback(exc_tb)
  File "/home/kavia/workspace/code-generation/bookmatchai-114780-8d7cab39/bookswap_backend_workspace/bookswap_backend/venv/lib/python3.12/site-packages/sqlalchemy/pool/base.py", line 896, in __connect
    self.dbapi_connection = connection = pool._invoke_creator(self)
                                         ^^^^^^^^^^^^^^^^^^^^^^^^^^
  File "/home/kavia/workspace/code-generation/bookmatchai-114780-8d7cab39/bookswap_backend_workspace/bookswap_backend/venv/lib/python3.12/site-packages/sqlalchemy/engine/create.py", line 643, in connect
    return dialect.connect(*cargs, **cparams)
           ^^^^^^^^^^^^^^^^^^^^^^^^^^^^^^^^^^
  File "/home/kavia/workspace/code-generation/bookmatchai-114780-8d7cab39/bookswap_backend_workspace/bookswap_backend/venv/lib/python3.12/site-packages/sqlalchemy/engine/default.py", line 616, in connect
    return self.loaded_dbapi.connect(*cargs, **cparams)
           ^^^^^^^^^^^^^^^^^^^^^^^^^^^^^^^^^^^^^^^^^^^^
  File "/home/kavia/workspace/code-generation/bookmatchai-114780-8d7cab39/bookswap_backend_workspace/bookswap_backend/venv/lib/python3.12/site-packages/psycopg2/__init__.py", line 122, in connect
    conn = _connect(dsn, connection_factory=connection_factory, **kwasync)
           ^^^^^^^^^^^^^^^^^^^^^^^^^^^^^^^^^^^^^^^^^^^^^^^^^^^^^^^^^^^^^^^
sqlalchemy.exc.OperationalError: (psycopg2.OperationalError) connection to server at "db.uujtmzkpxvpkhpprtjjv.supabase.co" (2600:1f18:2e13:9d0f:dae1:54aa:7458:aec), port 5432 failed: Network is unreachable
	Is the server running on that host and accepting TCP/IP connections?

(Background on this error at: https://sqlalche.me/e/20/e3q8)
